// Jest Snapshot v1, https://goo.gl/fbAQLP

exports[`Class Calculator constructor should get DOM elements for display 1`] = `
<div
  class="current-input"
  id="currentInput"
>
  0
</div>
`;

exports[`Class Calculator constructor should get DOM elements for display 2`] = `
<div
  class="previous-input"
  id="previousInput"
/>
`;

exports[`Class Calculator constructor should get DOM elements for display 3`] = `
<div
  class="operation"
  id="sign"
/>
`;

exports[`Class Calculator constructor should get DOM elements for display 4`] = `
<div
  class="buttons"
  id="buttons"
>
  
        
  <button
    class="button sign-btn"
    data-button="operator"
    id="plus"
  >
    +
  </button>
  
        
  <button
    class="button sign-btn"
    data-button="operator"
    id="minus"
  >
    -
  </button>
  
        
  <button
    class="button sign-btn"
    data-button="operator"
    id="multiply"
  >
    ร
  </button>
  
        
  <button
    class="button sign-btn"
    data-button="operator"
    id="divide"
  >
    รท
  </button>
  

        
  <button
    class="button equals-btn"
    data-button="equals"
    id="equals"
  >
    =
  </button>
  
        
  <button
    class="button num-btn"
    data-button="number"
    id="seven"
  >
    7
  </button>
  
        
  <button
    class="button num-btn"
    data-button="number"
    id="eight"
  >
    8
  </button>
  
        
  <button
    class="button num-btn"
    data-button="number"
    id="nine"
  >
    9
  </button>
  

        
  <button
    class="button num-btn"
    data-button="number"
    id="four"
  >
    4
  </button>
  
        
  <button
    class="button num-btn"
    data-button="number"
    id="five"
  >
    5
  </button>
  
        
  <button
    class="button num-btn"
    data-button="number"
    id="six"
  >
    6
  </button>
  

        
  <button
    class="button num-btn"
    data-button="number"
    id="one"
  >
    1
  </button>
  
        
  <button
    class="button num-btn"
    data-button="number"
    id="two"
  >
    2
  </button>
  
        
  <button
    class="button num-btn"
    data-button="number"
    id="three"
  >
    3
  </button>
  

        
  <button
    class="button num-btn zero-btn"
    data-button="number"
    id="zero"
  >
    0
  </button>
  
        
  <button
    class="button"
    data-button="number"
    id="dot"
  >
    .
  </button>
  
        
  <button
    class="button"
    data-button="clear"
    id="clear"
  >
    C
  </button>
  
      
</div>
`;
